---
source: bloodhound-tui/src/render_tests.rs
expression: render(&app)
---
"┌ History (16 commands) ─────────────────┐┌ Output (0 lines) ──────────────────────────────────────────────────────────────────────────────┐"
"│00:00:04 ▾ [pre-session] (50/13301)     ││No terminal output for this command.                                                            │"
"│00:00:04   ├─ /usr/lib/systemd/systemd -││                                                                                                │"
"│00:00:04   ├─ /usr/lib/systemd/user-envi││                                                                                                │"
"│00:00:04   ├─ /usr/lib/systemd/user-gene││                                                                                                │"
"│00:00:04   ├─ /usr/lib/systemd/systemd-e││                                                                                                │"
"│00:00:04   ├─ /bin/systemctl --user set-││                                                                                                │"
"│00:00:04   ├─ sh -c -- /usr/bin/env -i P││                                                                                                │"
"│00:00:04   ├─ /usr/bin/env -i PATH=/usr/││                                                                                                │"
"│00:00:04     ├─ /etc/update-motd.d/00-he││                                                                                                │"
"│00:00:04       ├─ uname -o :305         ││                                                                                                │"
"│00:00:04       ├─ uname -r :306         ││                                                                                                │"
"│00:00:04       └─ uname -m :307         ││                                                                                                │"
"│00:00:04     ├─ /etc/update-motd.d/10-he│└────────────────────────────────────────────────────────────────────────────────────────────────┘"
"│00:00:04     ├─ /etc/update-motd.d/50-mo│┌ Events ────────────────────────────────────────────────────────────────────────────────────────┐"
"│00:00:04     └─ /etc/update-motd.d/60-un││ 1:Process │ 2:Security │ 3:Files │ 4:Network                                                   │"
"│00:00:04   ├─ run-parts --lsbsysinit /et│└────────────────────────────────────────────────────────────────────────────────────────────────┘"
"│00:00:04     ├─ /etc/update-motd.d/00-he││00:00:04  PROC  ▸ FORK (CLONE_VM|CLONE_FS|CLONE_SIGHAND|CLONE_NEWNS|CLONE_NEWPID|CLONE_NEWNET) (│"
"│00:00:04       ├─ uname -o :305         ││00:00:04  PROC  ▸ FORK (0x1200011) (pid:290 rc=311)                                             │"
"│00:00:04       ├─ uname -r :306         ││00:00:04  PROC  ▸ FORK (0x1200011) (pid:294 rc=295)                                             │"
"│00:00:04       └─ uname -m :307         ││00:00:04  PROC  ▸ execve /usr/lib/systemd/systemd [/usr/lib/systemd/systemd --user] (pid:294 rc=│"
"│00:00:04     ├─ /etc/update-motd.d/10-he││00:00:04  PROC  ▸ FORK (0x1200011) (pid:294 rc=296)                                             │"
"│00:00:04     ├─ /etc/update-motd.d/50-mo││00:00:04  PROC  ▸ FORK (0x1200011) (pid:294 rc=298)                                             │"
"│00:00:04     └─ /etc/update-motd.d/60-un││00:00:04  PROC  ▸ FORK (CLONE_VM|CLONE_FS|CLONE_SIGHAND|CLONE_THREAD|CLONE_NEWNS|CLONE_NEWUTS|CL│"
"│00:00:04   ├─ run-parts --lsbsysinit /et││00:00:04  PROC  ▸ READ /proc/self/setgroups (pid:295 rc=5)                                      │"
"│00:00:04     ├─ /etc/update-motd.d/00-he││00:00:04  PROC  ▸ FORK (0x1200011) (pid:296 rc=297)                                             │"
"│00:00:04       ├─ uname -o :305         ││00:00:04  PROC  ▸ execve /usr/lib/systemd/user-environment-generators/30-systemd-environment-d-g│"
"│00:00:04       ├─ uname -r :306         ││00:00:04  PROC    FORK (0x1200011) (pid:298 rc=299)                                             │"
"│00:00:04       └─ uname -m :307         ││00:00:04  PROC  ▸ execve /usr/lib/systemd/user-generators/systemd-xdg-autostart-generator [/usr/│"
"│00:00:04     ├─ /etc/update-motd.d/10-he││00:00:04  PROC  ▸ execve /proc/self/fd/9 [/usr/lib/systemd/systemd-executor --deserialize 12 --l│"
"│00:00:04     ├─ /etc/update-motd.d/50-mo││00:00:04  PROC  ▸ execve /bin/systemctl [/bin/systemctl --user set-environment DBUS_SESSION_BUS_│"
"│00:00:04     └─ /etc/update-motd.d/60-un││00:00:04  PROC  ▸ execve /bin/sh [sh -c -- /usr/bin/env -i PATH=/usr/local/sbin:/usr/local/bin:/│"
"│00:00:04   ├─ run-parts --lsbsysinit /et││00:00:04  PROC  ▸ execve /usr/bin/env [/usr/bin/env -i PATH=/usr/local/sbin:/usr/local/bin:/usr/│"
"│00:00:04     ├─ /etc/update-motd.d/00-he││00:00:04  PROC  ▸ execve /usr/local/sbin/run-parts [run-parts --lsbsysinit /etc/update-motd.d] (│"
"│00:00:04       ├─ uname -o :305         ││00:00:04  PROC  ▸ execve /usr/local/bin/run-parts [run-parts --lsbsysinit /etc/update-motd.d] (p│"
"│00:00:04       ├─ uname -r :306         ││00:00:04  PROC  ▸ execve /usr/sbin/run-parts [run-parts --lsbsysinit /etc/update-motd.d] (pid:30│"
"│00:00:04       └─ uname -m :307         ││00:00:04  PROC  ▸ execve /usr/bin/run-parts [run-parts --lsbsysinit /etc/update-motd.d] (pid:303│"
"│00:00:04     ├─ /etc/update-motd.d/10-he││00:00:04  PROC  ▸ FORK (0x1200011) (pid:303 rc=304)                                             │"
"└────────────────────────────────────────┘└────────────────────────────────────────────────────────────────────────────────────────────────┘"
" 03_process_lifecycle.ndjson  │ 17113 events total │ Command 1/16 │ 13301 events │ ▶ History   j/k:nav  ⏎:expand  Tab:pane  1-4:tab  q:quit "
