---
source: bloodhound-tui/src/render_tests.rs
expression: render(&app)
---
"┌ History (10 commands) ─────────────────┐┌ Output (0 lines) ──────────────────────────────────────────────────────────────────────────────┐"
"│00:00:06 ▸ [pre-session] (50/13299)     ││No terminal output for this command.                                                            │"
"│00:00:07 ▸ ls -la /etc/ (1/960)         ││                                                                                                │"
"│00:00:07 ▸ cat /etc/hostname (1/288)    ││                                                                                                │"
"│00:00:08 ▸ head -5 /etc/passwd (1/304)  ││                                                                                                │"
"│00:00:08 ▸ grep "root" /etc/passwd (1/32││                                                                                                │"
"│00:00:09 ▸ wc -l /etc/passwd (1/311)    ││                                                                                                │"
"│00:00:09 ▸ cat /etc/os-release (1/446)  ││                                                                                                │"
"│00:00:10 ▸ cat /etc/shells (1/284)      ││                                                                                                │"
"│00:00:10   exit (24)                    ││                                                                                                │"
"│00:00:10 ▸ logout (1/359)               ││                                                                                                │"
"│                                        ││                                                                                                │"
"│                                        ││                                                                                                │"
"│                                        │└────────────────────────────────────────────────────────────────────────────────────────────────┘"
"│                                        │┌ Events ────────────────────────────────────────────────────────────────────────────────────────┐"
"│                                        ││ 1:Process │ 2:Security │ 3:Files │ 4:Network                                                   │"
"│                                        │└────────────────────────────────────────────────────────────────────────────────────────────────┘"
"│                                        ││No events in this category for the selected command.                                            │"
"│                                        ││                                                                                                │"
"│                                        ││                                                                                                │"
"│                                        ││                                                                                                │"
"│                                        ││                                                                                                │"
"│                                        ││                                                                                                │"
"│                                        ││                                                                                                │"
"│                                        ││                                                                                                │"
"│                                        ││                                                                                                │"
"│                                        ││                                                                                                │"
"│                                        ││                                                                                                │"
"│                                        ││                                                                                                │"
"│                                        ││                                                                                                │"
"│                                        ││                                                                                                │"
"│                                        ││                                                                                                │"
"│                                        ││                                                                                                │"
"│                                        ││                                                                                                │"
"│                                        ││                                                                                                │"
"│                                        ││                                                                                                │"
"│                                        ││                                                                                                │"
"│                                        ││                                                                                                │"
"└────────────────────────────────────────┘└────────────────────────────────────────────────────────────────────────────────────────────────┘"
" 01_file_exploration.ndjson  │ 17164 events total │ Command 1/10 │ 13299 events │ ▶ History   j/k:nav  ⏎:expand  Tab:pane  1-4:tab  q:quit  "
